exports[`Chats list component render list chats 1`] = `
<div
  className="chat-list">
  <div
    className="chat-list_item"
    onClick={[Function]}>
    tester
  </div>
  <div
    className="chat-list_item"
    onClick={[Function]}>
    tester 2
    <div
      className="chat-list_item_online">
      Онлайн
    </div>
  </div>
</div>
`;
